Microchip MPLAB XC8 Compiler V2.35

Linker command line:

-W-3 --edf=C:\Program Files\Microchip\xc8\v2.35\pic\dat\en_msgs.txt -cn \
  -h+dist/default/production\lcd_4bits.X.production.sym \
  --cmf=dist/default/production\lcd_4bits.X.production.cmf -z -Q16F877A \
  -oC:\Users\BTCOME~1\AppData\Local\Temp\xcAsi0c.4 --defsym=__MPLAB_BUILD=1 \
  -Mdist/default/production/lcd_4bits.X.production.map \
  --md=C:\Users\BTCOME~1\AppData\Local\Temp\xcAsi0c.dat -E1 \
  -ver=XC8 Compiler --acfsm=1493 -ACODE=00h-07FFhx4 -ASTRCODE=00h-01FFFh \
  -ASTRING=00h-0FFhx32 -ACONST=00h-0FFhx32 -AENTRY=00h-0FFhx32 \
  -ACOMMON=070h-07Fh -ABANK0=020h-06Fh -ABANK1=0A0h-0EFh \
  -ABANK2=0110h-016Fh -ABANK3=0190h-01EFh \
  -ARAM=020h-06Fh,0A0h-0EFh,0110h-016Fh,0190h-01EFh \
  -AABS1=020h-07Fh,0A0h-0EFh,0110h-016Fh,0190h-01EFh -ASFR0=00h-01Fh \
  -ASFR1=080h-09Fh -ASFR2=0100h-010Fh -ASFR3=0180h-018Fh \
  -ACONFIG=02007h-02007h -DCONFIG=2 -AIDLOC=02000h-02003h -DIDLOC=2 \
  -AEEDATA=00h-0FFh/02100h -peeprom_data=EEDATA -DEEDATA=2 -DCODE=2 \
  -DSTRCODE=2 -DSTRING=2 -DCONST=2 -DENTRY=2 \
  -preset_vec=00h,intentry,init,end_init -ppowerup=CODE -pcinit=CODE \
  -pfunctab=ENTRY -k C:\Users\BTCOME~1\AppData\Local\Temp\xcAsi0c.o \
  dist/default/production\lcd_4bits.X.production.o 

Object code version is 3.11

Machine type is 16F877A



                Name                               Link     Load   Length Selector   Space Scale
C:\Users\BTCOME~1\AppData\Local\Temp\xcAsi0c.o
                end_init                              0        0        3        0       0
                config                             2007     2007        1        0       4
                idloc                              2000     2000        4        0       5
dist/default/production\lcd_4bits.X.production.o
                cinit                               7E6      7E6       1A      FCC       0
                config                             2007     2007        1        0       4
                idloc                              2000     2000        4        0       5
                text29                              242      242       68      484       0
                text28                               48       48       46       90       0
                text27                               D7       D7       53      1AE       0
                text26                              F02      F02       25     1E04       0
                text25                              F27      F27       25     1E4E       0
                text24                              E43      E43        D     1C86       0
                text23                              E1C      E1C        9     1C38       0
                text22                              E25      E25        9     1C4A       0
                text21                              F71      F71       2D     1EE2       0
                text20                              E2E      E2E        A     1C5C       0
                text19                              4D5      4D5       E4      9AA       0
                text18                              E72      E72       15     1CE4       0
                text17                              EE0      EE0       22     1DC0       0
                text16                               8E       8E       49      11C       0
                text15                              E87      E87       1A     1D0E       0
                text14                              2AA      2AA       A5      554       0
                text13                              1DB      1DB       67      3B6       0
                text12                              182      182       59      304       0
                text11                              34F      34F       C1      69E       0
                text10                              F4C      F4C       25     1E98       0
                text9                               410      410       C5      820       0
                text8                               E50      E50        F     1CA0       0
                text7                               12A      12A       58      254       0
                text6                               EC0      EC0       20     1D80       0
                text5                               5B9      5B9       F4      B72       0
                text4                               F9E      F9E       31     1F3C       0
                text3                                41       41        7       82       0
                text2                               FCF      FCF       31     1F9E       0
                text1                               EA1      EA1       1F     1D42       0
                maintext                            6AD      6AD      139      D5A       0
                cstackBANK0                          20       20       23       20       1
                cstackCOMMON                         70       70        E       70       1
                clrtext                             E14      E14        8     1C28       0
                inittext                            E5F      E5F       13     1CBE       0
                dataBANK0                            5B       5B        B       20       1
                bssBANK0                             43       43       18       20       1
                strings                               3        3       3E        6       0
                idataBANK0                          E38      E38        B     1C70       0

TOTAL           Name                               Link     Load   Length     Space
        CLASS   CODE           
                end_init                              0        0        3         0
                cinit                               7E6      7E6       1A         0
                text29                              242      242       68         0
                text28                               48       48       46         0
                text27                               D7       D7       53         0
                text26                              F02      F02       25         0
                text25                              F27      F27       25         0
                text24                              E43      E43        D         0
                text23                              E1C      E1C        9         0
                text22                              E25      E25        9         0
                text21                              F71      F71       2D         0
                text20                              E2E      E2E        A         0
                text19                              4D5      4D5       E4         0
                text18                              E72      E72       15         0
                text17                              EE0      EE0       22         0
                text16                               8E       8E       49         0
                text15                              E87      E87       1A         0
                text14                              2AA      2AA       A5         0
                text13                              1DB      1DB       67         0
                text12                              182      182       59         0
                text11                              34F      34F       C1         0
                text10                              F4C      F4C       25         0
                text9                               410      410       C5         0
                text8                               E50      E50        F         0
                text7                               12A      12A       58         0
                text6                               EC0      EC0       20         0
                text5                               5B9      5B9       F4         0
                text4                               F9E      F9E       31         0
                text3                                41       41        7         0
                text2                               FCF      FCF       31         0
                text1                               EA1      EA1       1F         0
                maintext                            6AD      6AD      139         0
                clrtext                             E14      E14        8         0
                inittext                            E5F      E5F       13         0
                idataBANK0                          E38      E38        B         0

        CLASS   STRCODE        

        CLASS   STRING         
                strings                               3        3       3E         0

        CLASS   CONST          

        CLASS   ENTRY          

        CLASS   COMMON         
                cstackCOMMON                         70       70        E         1

        CLASS   BANK0          
                cstackBANK0                          20       20       23         1
                dataBANK0                            5B       5B        B         1
                bssBANK0                             43       43       18         1

        CLASS   BANK1          

        CLASS   BANK2          

        CLASS   BANK3          

        CLASS   RAM            

        CLASS   ABS1           
                abs_s1                               7E       7E        2         1

        CLASS   SFR0           

        CLASS   SFR1           

        CLASS   SFR2           

        CLASS   SFR3           

        CLASS   CONFIG         
                config                             2007     2007        1         4

        CLASS   IDLOC          
                idloc                              2000     2000        4         5

        CLASS   EEDATA         

        CLASS   STACK          



SEGMENTS        Name                           Load    Length   Top    Selector   Space  Class     Delta

                reset_vec                      000000  000003  000003         0       0  CODE        2
                strings                        000003  00003E  000041         6       0  STRING      2
                cstackBANK0                    000020  000046  000066        20       1  BANK0       1
                cstackCOMMON                   000070  00000E  00007E        70       1  COMMON      1
                text3                          000041  000007  000048        82       0  CODE        2
                text28                         000048  000046  00008E        90       0  CODE        2
                text16                         00008E  000049  0000D7       11C       0  CODE        2
                text27                         0000D7  000053  00012A       1AE       0  CODE        2
                text7                          00012A  000058  000182       254       0  CODE        2
                text12                         000182  000059  0001DB       304       0  CODE        2
                text13                         0001DB  000067  000242       3B6       0  CODE        2
                text29                         000242  000068  0002AA       484       0  CODE        2
                text14                         0002AA  0000A5  00034F       554       0  CODE        2
                text11                         00034F  0000C1  000410       69E       0  CODE        2
                text9                          000410  0000C5  0004D5       820       0  CODE        2
                text19                         0004D5  0000E4  0005B9       9AA       0  CODE        2
                text5                          0005B9  0000F4  0006AD       B72       0  CODE        2
                maintext                       0006AD  000139  0007E6       D5A       0  CODE        2
                cinit                          0007E6  00001A  000800       FCC       0  CODE        2
                clrtext                        000E14  000008  000E1C      1C28       0  CODE        2
                text23                         000E1C  000009  000E25      1C38       0  CODE        2
                text22                         000E25  000009  000E2E      1C4A       0  CODE        2
                text20                         000E2E  00000A  000E38      1C5C       0  CODE        2
                idataBANK0                     000E38  00000B  000E43      1C70       0  CODE        2
                text24                         000E43  00000D  000E50      1C86       0  CODE        2
                text8                          000E50  00000F  000E5F      1CA0       0  CODE        2
                inittext                       000E5F  000013  000E72      1CBE       0  CODE        2
                text18                         000E72  000015  000E87      1CE4       0  CODE        2
                text15                         000E87  00001A  000EA1      1D0E       0  CODE        2
                text1                          000EA1  00001F  000EC0      1D42       0  CODE        2
                text6                          000EC0  000020  000EE0      1D80       0  CODE        2
                text17                         000EE0  000022  000F02      1DC0       0  CODE        2
                text26                         000F02  000025  000F27      1E04       0  CODE        2
                text25                         000F27  000025  000F4C      1E4E       0  CODE        2
                text10                         000F4C  000025  000F71      1E98       0  CODE        2
                text21                         000F71  00002D  000F9E      1EE2       0  CODE        2
                text4                          000F9E  000031  000FCF      1F3C       0  CODE        2
                text2                          000FCF  000031  001000      1F9E       0  CODE        2


UNUSED ADDRESS RANGES

        Name                Unused          Largest block    Delta
        BANK0            0066-006F              A           1
        BANK1            00A0-00EF             50           1
        BANK2            0110-016F             60           1
        BANK3            0190-01EF             60           1
        CODE             0800-0E13            614           2
                         1000-1FFF            800
        CONST            0800-0E13            100           2
                         1000-1FFF            100
        EEDATA           2100-21FF            100           2
        ENTRY            0800-0E13            100           2
                         1000-1FFF            100
        RAM              0066-006F              A           1
                         00A0-00EF             50
                         0110-016F             60
                         0190-01EF             60
        SFR0             0000-001F             20           1
        SFR1             0080-009F             20           1
        SFR2             0100-010F             10           1
        SFR3             0180-018F             10           1
        STRCODE          0800-0E13            614           2
                         1000-1FFF           1000
        STRING           0800-0E13            100           2
                         1000-1FFF            100

                                  Symbol Table

?_BCD_2_DEC                       cstackCOMMON 0076
?_I2C_Read                        cstackCOMMON 0070
?___awdiv                         cstackCOMMON 0070
?___awmod                         cstackCOMMON 0070
?___lldiv                         cstackBANK0  0020
?___lmul                          cstackCOMMON 0070
?___wmul                          cstackCOMMON 0070
?_get_adc                         cstackCOMMON 0070
BCD_2_DEC@to_convert              cstackCOMMON 0076
I2C_Initialize@feq_K              cstackBANK0  002D
I2C_Read@ack                      cstackCOMMON 0070
I2C_Read@incoming                 cstackCOMMON 0074
I2C_Write@data                    cstackCOMMON 0070
Lcd_Cmd@a                         cstackCOMMON 0073
Lcd_Print_Char@Lower_Nibble       cstackCOMMON 0074
Lcd_Print_Char@Upper_Nibble       cstackCOMMON 0075
Lcd_Print_Char@data               cstackCOMMON 0076
Lcd_Print_String@a                cstackCOMMON 0079
Lcd_Print_String@i                cstackCOMMON 0077
Lcd_SetBit@data_bit               cstackCOMMON 0070
Lcd_Set_Cursor@a                  cstackCOMMON 0077
Lcd_Set_Cursor@b                  cstackCOMMON 0074
Lcd_Set_Cursor@temp               cstackCOMMON 007A
Lcd_Set_Cursor@y                  cstackCOMMON 0079
Lcd_Set_Cursor@z                  cstackCOMMON 0078
_ACKDT                            (abs)        048D
_ACKEN                            (abs)        048C
_ADCON0                           (abs)        001F
_ADCON0bits                       (abs)        001F
_ADCON1                           (abs)        009F
_ADRESH                           (abs)        001E
_ADRESL                           (abs)        009E
_BCD_2_DEC                        text25       0F27
_EEADR                            (abs)        010D
_EECON1bits                       (abs)        018C
_EECON2                           (abs)        018D
_EEDATA                           (abs)        010C
_I2C_Begin                        text23       0E1C
_I2C_End                          text22       0E25
_I2C_Hold                         text24       0E43
_I2C_Initialize                   text27       00D7
_I2C_Read                         text21       0F71
_I2C_Write                        text20       0E2E
_Lcd_Cmd                          text15       0E87
_Lcd_Print_Char                   text16       008E
_Lcd_Print_String                 text10       0F4C
_Lcd_SetBit                       text17       0EE0
_Lcd_Set_Cursor                   text14       02AA
_OPTION_REG                       (abs)        0081
_PEN                              (abs)        048A
_PIR2bits                         (abs)        000D
_PORTCbits                        (abs)        0007
_PORTD                            (abs)        0008
_RB0                              (abs)        0030
_RB1                              (abs)        0031
_RB2                              (abs)        0032
_RB3                              (abs)        0033
_RB4                              (abs)        0034
_RCEN                             (abs)        048B
_RD0                              (abs)        0040
_RD1                              (abs)        0041
_RD2                              (abs)        0042
_RD3                              (abs)        0043
_RD4                              (abs)        0044
_RD5                              (abs)        0045
_RD6                              (abs)        0046
_RD7                              (abs)        0047
_SEN                              (abs)        0488
_SSPADD                           (abs)        0093
_SSPBUF                           (abs)        0013
_SSPCON                           (abs)        0014
_SSPCON2                          (abs)        0091
_SSPSTAT                          (abs)        0094
_TRISB                            (abs)        0086
_TRISC3                           (abs)        043B
_TRISC4                           (abs)        043C
_TRISCbits                        (abs)        0087
_TRISD                            (abs)        0088
_Update_Current_Date_Time         text19       04D5
__Habs1                           abs1         0000
__Hbank0                          bank0        0000
__Hbank1                          bank1        0000
__Hbank2                          bank2        0000
__Hbank3                          bank3        0000
__HbssBANK0                       bssBANK0     0000
__Hcinit                          cinit        0800
__Hclrtext                        clrtext      0000
__Hcode                           code         0000
__Hcommon                         common       0000
__Hconfig                         config       2008
__HcstackBANK0                    cstackBANK0  0000
__HcstackCOMMON                   cstackCOMMON 0000
__HdataBANK0                      dataBANK0    0000
__Heeprom_data                    eeprom_data  0000
__Hend_init                       end_init     0003
__Hfunctab                        functab      0000
__HidataBANK0                     idataBANK0   0000
__Hidloc                          idloc        2004
__Hinit                           init         0000
__Hinittext                       inittext     0000
__Hintentry                       intentry     0000
__Hmaintext                       maintext     0000
__Hpowerup                        powerup      0000
__Hram                            ram          0000
__Hreset_vec                      reset_vec    0000
__Hsfr0                           sfr0         0000
__Hsfr1                           sfr1         0000
__Hsfr2                           sfr2         0000
__Hsfr3                           sfr3         0000
__Hspace_0                        (abs)        1000
__Hspace_1                        (abs)        007E
__Hspace_2                        (abs)        0000
__Hspace_3                        (abs)        0000
__Hspace_4                        (abs)        400F
__Hstack                          stack        0000
__Hstrings                        strings      0000
__Htext                           text         0000
__Labs1                           abs1         0000
__Lbank0                          bank0        0000
__Lbank1                          bank1        0000
__Lbank2                          bank2        0000
__Lbank3                          bank3        0000
__LbssBANK0                       bssBANK0     0000
__Lcinit                          cinit        07E6
__Lclrtext                        clrtext      0000
__Lcode                           code         0000
__Lcommon                         common       0000
__Lconfig                         config       0000
__LcstackBANK0                    cstackBANK0  0000
__LcstackCOMMON                   cstackCOMMON 0000
__LdataBANK0                      dataBANK0    0000
__Leeprom_data                    eeprom_data  0000
__Lend_init                       end_init     0000
__Lfunctab                        functab      0000
__LidataBANK0                     idataBANK0   0000
__Lidloc                          idloc        0000
__Linit                           init         0000
__Linittext                       inittext     0000
__Lintentry                       intentry     0000
__Lmaintext                       maintext     0000
__Lpowerup                        powerup      0000
__Lram                            ram          0000
__Lreset_vec                      reset_vec    0000
__Lsfr0                           sfr0         0000
__Lsfr1                           sfr1         0000
__Lsfr2                           sfr2         0000
__Lsfr3                           sfr3         0000
__Lspace_0                        (abs)        0000
__Lspace_1                        (abs)        0000
__Lspace_2                        (abs)        0000
__Lspace_3                        (abs)        0000
__Lspace_4                        (abs)        0000
__Lstack                          stack        0000
__Lstrings                        strings      0000
__Ltext                           text         0000
__S0                              (abs)        1000
__S1                              (abs)        007E
__S3                              (abs)        0000
___awdiv                          text13       01DB
___awdiv@counter                  cstackCOMMON 0075
___awdiv@dividend                 cstackCOMMON 0072
___awdiv@divisor                  cstackCOMMON 0070
___awdiv@quotient                 cstackCOMMON 0077
___awdiv@sign                     cstackCOMMON 0076
___awmod                          text12       0182
___awmod@counter                  cstackCOMMON 0075
___awmod@dividend                 cstackCOMMON 0072
___awmod@divisor                  cstackCOMMON 0070
___awmod@sign                     cstackCOMMON 0076
___bmul                           text18       0E72
___bmul@multiplicand              cstackCOMMON 0070
___bmul@multiplier                cstackCOMMON 0073
___bmul@product                   cstackCOMMON 0072
___int_sp                         stack        0000
___latbits                        (abs)        0002
___lldiv                          text29       0242
___lldiv@counter                  cstackBANK0  002C
___lldiv@dividend                 cstackBANK0  0024
___lldiv@divisor                  cstackBANK0  0020
___lldiv@quotient                 cstackBANK0  0028
___lmul                           text28       0048
___lmul@multiplicand              cstackCOMMON 0074
___lmul@multiplier                cstackCOMMON 0070
___lmul@product                   cstackCOMMON 0079
___sp                             stack        0000
___stackhi                        (abs)        0000
___stacklo                        (abs)        0000
___wmul                           text26       0F02
___wmul@multiplicand              cstackCOMMON 0072
___wmul@multiplier                cstackCOMMON 0070
___wmul@product                   cstackCOMMON 0074
__end_of_BCD_2_DEC                text25       0F4C
__end_of_I2C_Begin                text23       0E25
__end_of_I2C_End                  text22       0E2E
__end_of_I2C_Hold                 text24       0E50
__end_of_I2C_Initialize           text27       012A
__end_of_I2C_Read                 text21       0F9E
__end_of_I2C_Write                text20       0E38
__end_of_Lcd_Cmd                  text15       0EA1
__end_of_Lcd_Print_Char           text16       00D7
__end_of_Lcd_Print_String         text10       0F71
__end_of_Lcd_SetBit               text17       0F02
__end_of_Lcd_Set_Cursor           text14       034F
__end_of_Update_Current_Date_Time text19       05B9
__end_of___awdiv                  text13       0242
__end_of___awmod                  text12       01DB
__end_of___bmul                   text18       0E87
__end_of___lldiv                  text29       02AA
__end_of___lmul                   text28       008E
__end_of___wmul                   text26       0F27
__end_of__initialization          cinit        07FC
__end_of__stringtab               strings      0009
__end_of_display_current_date     text11       0410
__end_of_display_current_time     text9        04D5
__end_of_display_relay_status     text8        0E5F
__end_of_display_stop_time        text7        0182
__end_of_get_adc                  text6        0EE0
__end_of_get_controls             text5        06AD
__end_of_lcd_clear                text3        0048
__end_of_lcd_cmd                  text4        0FCF
__end_of_lcd_data                 text2        1000
__end_of_lcd_init                 text1        0EC0
__end_of_main                     maintext     07E6
__initialization                  cinit        07E6
__pbssBANK0                       bssBANK0     0043
__pcstackBANK0                    cstackBANK0  0020
__pcstackCOMMON                   cstackCOMMON 0070
__pdataBANK0                      dataBANK0    005B
__pidataBANK0                     idataBANK0   0E38
__pmaintext                       maintext     06AD
__pstrings                        strings      0003
__ptext1                          text1        0EA1
__ptext10                         text10       0F4C
__ptext11                         text11       034F
__ptext12                         text12       0182
__ptext13                         text13       01DB
__ptext14                         text14       02AA
__ptext15                         text15       0E87
__ptext16                         text16       008E
__ptext17                         text17       0EE0
__ptext18                         text18       0E72
__ptext19                         text19       04D5
__ptext2                          text2        0FCF
__ptext20                         text20       0E2E
__ptext21                         text21       0F71
__ptext22                         text22       0E25
__ptext23                         text23       0E1C
__ptext24                         text24       0E43
__ptext25                         text25       0F27
__ptext26                         text26       0F02
__ptext27                         text27       00D7
__ptext28                         text28       0048
__ptext29                         text29       0242
__ptext3                          text3        0041
__ptext4                          text4        0F9E
__ptext5                          text5        05B9
__ptext6                          text6        0EC0
__ptext7                          text7        012A
__ptext8                          text8        0E50
__ptext9                          text9        0410
__stringbase                      strings      0008
__stringtab                       strings      0003
_alarm_val                        bssBANK0     0043
_byte                             bssBANK0     004D
_day                              dataBANK0    005F
_display_current_date             text11       034F
_display_current_time             text9        0410
_display_relay_status             text8        0E50
_display_stop_time                text7        012A
_get_adc                          text6        0EC0
_get_controls                     text5        05B9
_hour                             dataBANK0    0061
_hour_0                           bssBANK0     004F
_hour_1                           bssBANK0     004E
_jump                             bssBANK0     0058
_lcd_clear                        text3        0041
_lcd_cmd                          text4        0F9E
_lcd_data                         text2        0FCF
_lcd_init                         text1        0EA1
_main                             maintext     06AD
_min                              dataBANK0    0063
_min_0                            bssBANK0     0051
_min_1                            bssBANK0     0050
_month                            dataBANK0    005D
_pos                              dataBANK0    0065
_sec                              bssBANK0     004B
_sec_0                            bssBANK0     0053
_sec_1                            bssBANK0     0052
_set_alarm                        bssBANK0     005A
_trigger_alarm                    bssBANK0     0059
_year                             dataBANK0    005B
btemp                             (abs)        007E
clear_ram0                        clrtext      0E14
display_current_date@day_0        cstackBANK0  0024
display_current_date@day_1        cstackBANK0  0025
display_current_date@month_0      cstackBANK0  0022
display_current_date@month_1      cstackBANK0  0023
display_current_date@year_0       cstackBANK0  0020
display_current_date@year_1       cstackBANK0  0021
end_of_initialization             cinit        07FC
get_adc@ADC_Results               cstackCOMMON 0074
init_fetch0                       inittext     0E5F
init_ram0                         inittext     0E63
intlevel0                         functab      0000
intlevel1                         functab      0000
intlevel2                         functab      0000
intlevel3                         functab      0000
intlevel4                         functab      0000
intlevel5                         functab      0000
lcd_cmd@cmd                       cstackCOMMON 0072
lcd_data@data                     cstackCOMMON 0072
main@Digits                       cstackBANK0  003C
main@i                            cstackBANK0  0040
main@newDigits                    cstackBANK0  0038
main@value                        cstackBANK0  0042
reset_vec                         reset_vec    0000
start                             init         0000
start_initialization              cinit        07E6
wtemp0                            (abs)        007E


MODULE INFORMATION

Module		Function		Class		Link	Load	Size
./PIC16F877a_DS3231.h
		_BCD_2_DEC     		CODE           	0F27	0000	37
		_Update_Current_Date_Time		CODE           	04D5	0000	228

./PIC16F877a_DS3231.h estimated size: 265

C:\Program Files\Microchip\xc8\v2.35\pic\sources\c90\common\Umul32.c
		___lmul        		CODE           	0048	0000	70

C:\Program Files\Microchip\xc8\v2.35\pic\sources\c90\common\Umul32.c estimated size: 70

C:\Program Files\Microchip\xc8\v2.35\pic\sources\c90\common\awmod.c
		___awmod       		CODE           	0182	0000	89

C:\Program Files\Microchip\xc8\v2.35\pic\sources\c90\common\awmod.c estimated size: 89

./PIC16F877a_I2C.h
		_I2C_Write     		CODE           	0E2E	0000	10
		_I2C_End       		CODE           	0E25	0000	9
		_I2C_Read      		CODE           	0F71	0000	45
		_I2C_Hold      		CODE           	0E43	0000	13
		_I2C_Initialize		CODE           	00D7	0000	83
		_I2C_Begin     		CODE           	0E1C	0000	9

./PIC16F877a_I2C.h estimated size: 169

C:\Program Files\Microchip\xc8\v2.35\pic\sources\c90\common\Umul8.c
		___bmul        		CODE           	0E72	0000	21

C:\Program Files\Microchip\xc8\v2.35\pic\sources\c90\common\Umul8.c estimated size: 21

C:\Program Files\Microchip\xc8\v2.35\pic\sources\c90\common\awdiv.c
		___awdiv       		CODE           	01DB	0000	103

C:\Program Files\Microchip\xc8\v2.35\pic\sources\c90\common\awdiv.c estimated size: 103

C:\Program Files\Microchip\xc8\v2.35\pic\sources\c90\common\__lldiv.c
		___lldiv       		CODE           	0242	0000	104

C:\Program Files\Microchip\xc8\v2.35\pic\sources\c90\common\__lldiv.c estimated size: 104

shared
		__stringtab    		STRING         	0003	0000	6
		__initialization		CODE           	07E6	0000	22

shared estimated size: 28

C:\Program Files\Microchip\xc8\v2.35\pic\sources\c90\common\Umul16.c
		___wmul        		CODE           	0F02	0000	37

C:\Program Files\Microchip\xc8\v2.35\pic\sources\c90\common\Umul16.c estimated size: 37

main.c
		_display_current_date		CODE           	034F	0000	193
		_lcd_cmd       		CODE           	0F9E	0000	49
		_display_current_time		CODE           	0410	0000	197
		_lcd_data      		CODE           	0FCF	0000	49
		_main          		CODE           	06AD	0000	313
		_Lcd_Cmd       		CODE           	0E87	0000	26
		_Lcd_SetBit    		CODE           	0EE0	0000	34
		_display_stop_time		CODE           	012A	0000	88
		_get_controls  		CODE           	05B9	0000	244
		_lcd_clear     		CODE           	0041	0000	7
		_Lcd_Set_Cursor		CODE           	02AA	0000	165
		_get_adc       		CODE           	0EC0	0000	32
		_display_relay_status		CODE           	0E50	0000	15
		_Lcd_Print_String		CODE           	0F4C	0000	37
		_lcd_init      		CODE           	0EA1	0000	31
		_Lcd_Print_Char		CODE           	008E	0000	73

main.c estimated size: 1553

